// Jest Snapshot v1, https://goo.gl/fbAQLP

exports[`EmailField component should render a question 1`] = `
ShallowWrapper {
  "length": 1,
  Symbol(enzyme.__root__): [Circular],
  Symbol(enzyme.__unrendered__): <EmailField
    question={
      Object {
        "description": "We will not send unsolicited emails.",
        "max_length": 100,
        "pattern": "^\\\\w+([-+.']\\\\w+)*@\\\\w+([-.]\\\\w+)*\\\\.\\\\w+([-.]\\\\w+)*$",
        "read_only": false,
        "required": true,
        "title": "E-mail address",
        "type": "email",
      }
    }
  />,
  Symbol(enzyme.__renderer__): Object {
    "batchedUpdates": [Function],
    "getNode": [Function],
    "render": [Function],
    "simulateEvent": [Function],
    "unmount": [Function],
  },
  Symbol(enzyme.__node__): Object {
    "instance": null,
    "key": null,
    "nodeType": "host",
    "props": Object {
      "className": undefined,
      "maxLength": 100,
      "onBlur": undefined,
      "onChange": undefined,
      "onKeyPress": [Function],
      "readOnly": false,
      "type": "text",
      "value": "",
    },
    "ref": null,
    "rendered": null,
    "type": "input",
  },
  Symbol(enzyme.__nodes__): Array [
    Object {
      "instance": null,
      "key": null,
      "nodeType": "host",
      "props": Object {
        "className": undefined,
        "maxLength": 100,
        "onBlur": undefined,
        "onChange": undefined,
        "onKeyPress": [Function],
        "readOnly": false,
        "type": "text",
        "value": "",
      },
      "ref": null,
      "rendered": null,
      "type": "input",
    },
  ],
  Symbol(enzyme.__options__): Object {
    "adapter": ReactFifteenAdapter {
      "options": Object {
        "supportPrevContextArgumentOfComponentDidUpdate": true,
      },
    },
  },
}
`;
